I'm sorry, but errors were detected in your script. Please correct the
errors listed below, and try again.


File "game/script/chapter1/chapter1_6_eat_lunch.rpy", line 137: expected statement.
    Movie(channel="intro", play="gui/intro.mp4")
                                                ^

Ren'Py Version: Ren'Py 7.4.6.1693
Wed Nov 10 23:16:55 2021
